TAP version 13
# Subtest: Swift Glass Lab renders timely transitions and preserves native container geometry
ok 1 - Swift Glass Lab renders timely transitions and preserves native container geometry
  ---
  duration_ms: 29146.022542
  ...
# 28 native connection frames during committed merges; no false parent bridges
# Visible contact resistance 4.06pt over 6 samples
# Native stretch: 18 separated samples before recoil; release gaps 31.6, 33.3, 31.4, 47.9, 57.8, 51.7, 39.7, 68.2, 62.1, 65.4, 31.6, 36.9pt
# Main price recoil 25.41pt; 54 identity-bound outward copies
# Maximum rendered rebound 18.00pt
# Longest transition 247ms; maximum measured travel 1094.13pt/frame
# 1650 native frames; 113 transitions; /Users/anthonyh/Library/Developer/CoreSimulator/Devices/0EE3DFFD-087C-483C-A651-C55C59A719A3/data/Containers/Data/Application/0863A211-2688-49FD-B24D-F0FF3685CA8A/Documents/cluster-lab-probe.json
# Subtest: E85 glass stays yellow through live split and merge without tinting other stations
ok 2 - E85 glass stays yellow through live split and merge without tinting other stations
  ---
  duration_ms: 29079.965875
  ...
1..2
# tests 2
# suites 0
# pass 2
# fail 0
# cancelled 0
# skipped 0
# todo 0
# duration_ms 58291.0005
