
> fuel-up@1.0.0 test:trends
> node --test tests/trendData.test.cjs tests/rawTrendRows.test.cjs tests/trendStationPreferences.test.cjs tests/trendsLifecycle.test.cjs tests/trendsAnimationLifecycle.test.cjs tests/nationalLeaderboard.test.mjs tests/nationalTrendsLifecycle.test.cjs

TAP version 13
# Subtest: national serving uses only the protected cache RPC and preserves fresh reported values
ok 1 - national serving uses only the protected cache RPC and preserves fresh reported values
  ---
  duration_ms: 3.871458
  ...
# Subtest: national requests reject invalid grades and filters before reading the database
ok 2 - national requests reject invalid grades and filters before reading the database
  ---
  duration_ms: 0.741875
  ...
# Subtest: national empty data stays empty and failures do not use a provider fallback
ok 3 - national empty data stays empty and failures do not use a provider fallback
  ---
  duration_ms: 0.343667
  ...
# Subtest: history failures preserve the fresh leaderboard without inventing a chart
ok 4 - history failures preserve the fresh leaderboard without inventing a chart
  ---
  duration_ms: 0.215083
  ...
# react-test-renderer is deprecated. See https://react.dev/warnings/react-test-renderer
# Subtest: switching national grades or leaving the screen cancels stale responses; initial loads do not pull the page down
ok 5 - switching national grades or leaving the screen cancels stale responses; initial loads do not pull the page down
  ---
  duration_ms: 177.954167
  ...
# Subtest: historical trends recover the exact raw payment price, never an adjusted display value
ok 6 - historical trends recover the exact raw payment price, never an adjusted display value
  ---
  duration_ms: 0.9875
  ...
# Subtest: unverifiable, stale-at-observation, future, or wrong-grade history is omitted, never filled
ok 7 - unverifiable, stale-at-observation, future, or wrong-grade history is omitted, never filled
  ---
  duration_ms: 0.7605
  ...
# Subtest: historical cash fallback preserves the actual cash value
ok 8 - historical cash fallback preserves the actual cash value
  ---
  duration_ms: 0.190584
  ...
# Subtest: same-day trend history falls back to hourly chart buckets
ok 9 - same-day trend history falls back to hourly chart buckets
  ---
  duration_ms: 3.459959
  ...
# Subtest: trend history never fills missing observations with a current average
ok 10 - trend history never fills missing observations with a current average
  ---
  duration_ms: 0.334208
  ...
# Subtest: trend projection upgrades the latest displayed station row to the current validated quote
ok 11 - trend projection upgrades the latest displayed station row to the current validated quote
  ---
  duration_ms: 29.443833
  ...
# (node:25565) [MODULE_TYPELESS_PACKAGE_JSON] Warning: Module type of file:///Users/anthonyh/Desktop/Fuel%20Up/src/lib/homeState.js is not specified and it doesn't parse as CommonJS.
# Reparsing as ES module because module syntax was detected. This incurs a performance overhead.
# To eliminate this warning, add "type": "module" to /Users/anthonyh/Desktop/Fuel Up/package.json.
# (Use `node --trace-warnings ...` to show where the warning was created)
# Subtest: trend leaderboard prices stay identical to the Home ranking pipeline for the same location and filters
ok 12 - trend leaderboard prices stay identical to the Home ranking pipeline for the same location and filters
  ---
  duration_ms: 19.299125
  ...
# Subtest: buildLatestFuelStationQuotesFromRows suppresses duplicate gasoline grades while retaining independently priced diesel
ok 13 - buildLatestFuelStationQuotesFromRows suppresses duplicate gasoline grades while retaining independently priced diesel
  ---
  duration_ms: 0.792584
  ...
# Subtest: buildLatestFuelStationQuotesFromRows drops uniform multi-grade rows for non-regular queries
ok 14 - buildLatestFuelStationQuotesFromRows drops uniform multi-grade rows for non-regular queries
  ---
  duration_ms: 1.419583
  ...
# Subtest: buildLatestFuelStationQuotesFromRows suppresses duplicate higher grades and keeps the cheapest matching grade
ok 15 - buildLatestFuelStationQuotesFromRows suppresses duplicate higher grades and keeps the cheapest matching grade
  ---
  duration_ms: 2.278166
  ...
# Subtest: buildLatestFuelStationQuotesFromRows drops duplicate grades when the requested grade is not the cheapest match
ok 16 - buildLatestFuelStationQuotesFromRows drops duplicate grades when the requested grade is not the cheapest match
  ---
  duration_ms: 0.47
  ...
# (node:25566) [MODULE_TYPELESS_PACKAGE_JSON] Warning: Module type of file:///Users/anthonyh/Desktop/Fuel%20Up/src/lib/fuelGrade.js is not specified and it doesn't parse as CommonJS.
# Reparsing as ES module because module syntax was detected. This incurs a performance overhead.
# To eliminate this warning, add "type": "module" to /Users/anthonyh/Desktop/Fuel Up/package.json.
# (Use `node --trace-warnings ...` to show where the warning was created)
# Subtest: brand preference changes ordering without removing other brands from trends or average
ok 17 - brand preference changes ordering without removing other brands from trends or average
  ---
  duration_ms: 191.379584
  ...
# Subtest: requiring E85 excludes unavailable stations from leaderboard and historical averages
ok 18 - requiring E85 excludes unavailable stations from leaderboard and historical averages
  ---
  duration_ms: 33.751167
  ...
# Subtest: trend request keys distinguish brand and E85 preferences
ok 19 - trend request keys distinguish brand and E85 preferences
  ---
  duration_ms: 19.198042
  ...
# Subtest: fresh local prices remain available without history; no historical values are invented
ok 20 - fresh local prices remain available without history; no historical values are invented
  ---
  duration_ms: 18.004458
  ...
# react-test-renderer is deprecated. See https://react.dev/warnings/react-test-renderer
# Subtest: a gradient target starts once and superseded/unmounted animation work is stopped
ok 21 - a gradient target starts once and superseded/unmounted animation work is stopped
  ---
  duration_ms: 328.946791
  ...
# react-test-renderer is deprecated. See https://react.dev/warnings/react-test-renderer
# react-test-renderer is deprecated. See https://react.dev/warnings/react-test-renderer
# Subtest: local freshness removes expired reports and preserves data identity between unchanged renders
ok 22 - local freshness removes expired reports and preserves data identity between unchanged renders
  ---
  duration_ms: 199.705375
  ...
# react-test-renderer is deprecated. See https://react.dev/warnings/react-test-renderer
# Subtest: old fuel-grade response never flashes over the current grade or starts a fetch loop
ok 23 - old fuel-grade response never flashes over the current grade or starts a fetch loop
  ---
  duration_ms: 33.057458
  ...
# react-test-renderer is deprecated. See https://react.dev/warnings/react-test-renderer
# Subtest: late GPS resolution cannot override a manual location chosen while waiting
ok 24 - late GPS resolution cannot override a manual location chosen while waiting
  ---
  duration_ms: 23.544417
  ...
# react-test-renderer is deprecated. See https://react.dev/warnings/react-test-renderer
# Subtest: a cache reset rejects the old completion and starts one current request
ok 25 - a cache reset rejects the old completion and starts one current request
  ---
  duration_ms: 15.386625
  ...
# react-test-renderer is deprecated. See https://react.dev/warnings/react-test-renderer
# Subtest: denied location does not fetch fake Apple Park prices or repeatedly prompt
ok 26 - denied location does not fetch fake Apple Park prices or repeatedly prompt
  ---
  duration_ms: 11.516
  ...
# react-test-renderer is deprecated. See https://react.dev/warnings/react-test-renderer
# Subtest: unmounted location work cannot publish a fix or start a network request
ok 27 - unmounted location work cannot publish a fix or start a network request
  ---
  duration_ms: 9.247084
  ...
# Subtest: StrictMode remount accepts current data and ignores the abandoned request
ok 28 - StrictMode remount accepts current data and ignores the abandoned request
  ---
  duration_ms: 9.226
  ...
1..28
# tests 28
# suites 0
# pass 28
# fail 0
# cancelled 0
# skipped 0
# todo 0
# duration_ms 537.308291
