
> fuel-up@1.0.0 test
> node --test ./tests/fuelMemberships.test.mjs ./tests/fuelDataContracts.test.cjs ./tests/fuelCacheReset.test.cjs ./tests/trendData.test.cjs ./tests/priceValidation.test.cjs ./tests/fuelGradeValidation.test.mjs ./tests/homeLaunch.test.mjs ./tests/homeState.test.mjs ./tests/stationMarkerPresentation.test.mjs ./tests/clusterMarkerOverlayMemo.test.mjs ./tests/predictiveFuelingDemo.test.cjs ./tests/locationRefresh.test.mjs ./tests/locationMovementScenarios.test.mjs ./tests/horizontalTextLayout.test.mjs ./tests/searchRadiusRange.test.mjs ./tests/clusterLabCards.test.mjs ./tests/reportedPrices.test.cjs ./tests/homeCachedStations.test.cjs ./tests/homeDeviceLocation.test.mjs ./tests/homeFuelStations.test.mjs

TAP version 13
# (node:2038) [MODULE_TYPELESS_PACKAGE_JSON] Warning: Module type of file:///Users/anthonyh/Desktop/Fuel%20Up/src/screens/cluster-lab/stationCardModel.js is not specified and it doesn't parse as CommonJS.
# Reparsing as ES module because module syntax was detected. This incurs a performance overhead.
# To eliminate this warning, add "type": "module" to /Users/anthonyh/Desktop/Fuel Up/package.json.
# (Use `node --trace-warnings ...` to show where the warning was created)
# Subtest: card and map share station IDs and cheapest ordering without losing quote metadata
ok 1 - card and map share station IDs and cheapest ordering without losing quote metadata
  ---
  duration_ms: 13.82575
  ...
# Subtest: card age and distance tolerate bad data and advance with the supplied clock
ok 2 - card age and distance tolerate bad data and advance with the supplied clock
  ---
  duration_ms: 1.27525
  ...
# Subtest: pagination clamps overscroll and rejects unavailable layouts
ok 3 - pagination clamps overscroll and rejects unavailable layouts
  ---
  duration_ms: 0.111042
  ...
# Subtest: Glass Lab cache fallback applies Home radius, rating, selected fuel and E85 eligibility
ok 4 - Glass Lab cache fallback applies Home radius, rating, selected fuel and E85 eligibility
  ---
  duration_ms: 0.416375
  ...
# Subtest: Home snapshot survives tab returns but is rejected after changing search or resetting cache
ok 5 - Home snapshot survives tab returns but is rejected after changing search or resetting cache
  ---
  duration_ms: 0.156
  ...
# Subtest: unpriced E85 remains on the map after fresh prices, preserving radius and membership rules
ok 6 - unpriced E85 remains on the map after fresh prices, preserving radius and membership rules
  ---
  duration_ms: 0.473875
  ...
# Subtest: green map identity follows the same personalized first card without changing prices
ok 7 - green map identity follows the same personalized first card without changing prices
  ---
  duration_ms: 0.182334
  ...
# (node:2039) [MODULE_TYPELESS_PACKAGE_JSON] Warning: Module type of file:///Users/anthonyh/Desktop/Fuel%20Up/src/cluster/clusterMarkerOverlayMemo.js is not specified and it doesn't parse as CommonJS.
# Reparsing as ES module because module syntax was detected. This incurs a performance overhead.
# To eliminate this warning, add "type": "module" to /Users/anthonyh/Desktop/Fuel Up/package.json.
# (Use `node --trace-warnings ...` to show where the warning was created)
# Subtest: didClusterActiveSelectionChange only flags clusters touched by the old or new active index
ok 8 - didClusterActiveSelectionChange only flags clusters touched by the old or new active index
  ---
  duration_ms: 1.323
  ...
# Subtest: areClusterMarkerOverlayPropsEqual skips rerenders when focus moves between unrelated clusters
ok 9 - areClusterMarkerOverlayPropsEqual skips rerenders when focus moves between unrelated clusters
  ---
  duration_ms: 0.269875
  ...
# Subtest: areClusterMarkerOverlayPropsEqual rerenders when the overlay gains or loses the active quote
ok 10 - areClusterMarkerOverlayPropsEqual rerenders when the overlay gains or loses the active quote
  ---
  duration_ms: 0.14125
  ...
# Subtest: clearFuelPriceCache prevents an in-flight DB read from repopulating cache
ok 11 - clearFuelPriceCache prevents an in-flight DB read from repopulating cache
  ---
  duration_ms: 32.585125
  ...
# Subtest: empty nationwide DB results clear an old winner without fetching the provider
ok 12 - empty nationwide DB results clear an old winner without fetching the provider
  ---
  duration_ms: 1.948666
  ...
# Subtest: refresh persists the exact reported price locally, without prediction or history writes
ok 13 - refresh persists the exact reported price locally, without prediction or history writes
  ---
  duration_ms: 1.309667
  ...
# Subtest: uniform multi-grade prices exclude unsupported higher grades
ok 14 - uniform multi-grade prices exclude unsupported higher grades
  ---
  duration_ms: 1.59475
  ...
# Subtest: duplicate higher grades stay suppressed in the local cache
ok 15 - duplicate higher grades stay suppressed in the local cache
  ---
  duration_ms: 2.713042
  ...
# Subtest: a requested duplicate higher grade does not reappear via the client cache
ok 16 - a requested duplicate higher grade does not reappear via the client cache
  ---
  duration_ms: 1.680792
  ...
# Subtest: Trends can join the exact Home station request without another database read
ok 17 - Trends can join the exact Home station request without another database read
  ---
  duration_ms: 1.761375
  ...
# Subtest: buildTomTomSearchUrl produces a location-scoped station search request
ok 18 - buildTomTomSearchUrl produces a location-scoped station search request
  ---
  duration_ms: 2.3445
  ...
# Subtest: buildBarchartUrl supports geographic and postal lookups
ok 19 - buildBarchartUrl supports geographic and postal lookups
  ---
  duration_ms: 0.320042
  ...
# Subtest: TomTom station bundle normalizes into an actual station quote
ok 20 - TomTom station bundle normalizes into an actual station quote
  ---
  duration_ms: 3.723666
  ...
# Subtest: Barchart payload normalizes and filters to the requested fuel type
ok 21 - Barchart payload normalizes and filters to the requested fuel type
  ---
  duration_ms: 0.20525
  ...
# Subtest: Google nearby search request and payload normalize into a station quote
ok 22 - Google nearby search request and payload normalize into a station quote
  ---
  duration_ms: 1.63275
  ...
# Subtest: Public area-level providers normalize into estimated quotes
ok 23 - Public area-level providers normalize into estimated quotes
  ---
  duration_ms: 0.257917
  ...
# Subtest: Cheapest actual station wins over estimated fallbacks
ok 24 - Cheapest actual station wins over estimated fallbacks
  ---
  duration_ms: 0.318166
  ...
# Subtest: No station quotes means no preferred quote is returned
ok 25 - No station quotes means no preferred quote is returned
  ---
  duration_ms: 0.076208
  ...
# Subtest: Fuel failure messaging distinguishes bad location from missing station prices
ok 26 - Fuel failure messaging distinguishes bad location from missing station prices
  ---
  duration_ms: 0.343667
  ...
# Subtest: cache keys preserve exact search centers and freshness respects the ttl
ok 27 - cache keys preserve exact search centers and freshness respects the ttl
  ---
  duration_ms: 0.343208
  ...
# Subtest: GasBuddy fuel type mapping covers all app fuel types
ok 28 - GasBuddy fuel type mapping covers all app fuel types
  ---
  duration_ms: 0.53275
  ...
# Subtest: buildGasBuddyGraphQLRequest produces a valid GraphQL POST config
ok 29 - buildGasBuddyGraphQLRequest produces a valid GraphQL POST config
  ---
  duration_ms: 0.402625
  ...
# Subtest: GasBuddy GraphQL payload normalizes into station quotes with credit-first fallback to cash
ok 30 - GasBuddy GraphQL payload normalizes into station quotes with credit-first fallback to cash
  ---
  duration_ms: 0.899834
  ...
# Subtest: GasBuddy station quote wins preferred selection
ok 31 - GasBuddy station quote wins preferred selection
  ---
  duration_ms: 0.065042
  ...
# Subtest: GasBuddy uses verified diesel and E85 filters with matching product keys
ok 32 - GasBuddy uses verified diesel and E85 filters with matching product keys
  ---
  duration_ms: 1.195125
  ...
# (node:2042) [MODULE_TYPELESS_PACKAGE_JSON] Warning: Module type of file:///Users/anthonyh/Desktop/Fuel%20Up/src/lib/fuelGrade.js is not specified and it doesn't parse as CommonJS.
# Reparsing as ES module because module syntax was detected. This incurs a performance overhead.
# To eliminate this warning, add "type": "module" to /Users/anthonyh/Desktop/Fuel Up/package.json.
# (Use `node --trace-warnings ...` to show where the warning was created)
# Subtest: applyFuelGradeToQuote exposes grade-specific corrected price and validation metadata
ok 33 - applyFuelGradeToQuote exposes grade-specific corrected price and validation metadata
  ---
  duration_ms: 1.584333
  ...
# Subtest: rankQuotesForFuelGrade sorts leaderboard rows by the corrected selected-grade price
ok 34 - rankQuotesForFuelGrade sorts leaderboard rows by the corrected selected-grade price
  ---
  duration_ms: 0.232
  ...
# Subtest: applyFuelGradeToQuote prefers the validated final price over stale allPrices data
ok 35 - applyFuelGradeToQuote prefers the validated final price over stale allPrices data
  ---
  duration_ms: 0.714625
  ...
# Subtest: applyFuelGradeToQuote rejects unavailable grades on regular-only quotes
ok 36 - applyFuelGradeToQuote rejects unavailable grades on regular-only quotes
  ---
  duration_ms: 0.349666
  ...
# Subtest: applyFuelGradeToQuote rejects grades suppressed by duplicate-price sanitization
ok 37 - applyFuelGradeToQuote rejects grades suppressed by duplicate-price sanitization
  ---
  duration_ms: 0.391166
  ...
# Subtest: applyFuelGradeToQuote suppresses duplicate grade prices even on unsanitized quotes
ok 38 - applyFuelGradeToQuote suppresses duplicate grade prices even on unsanitized quotes
  ---
  duration_ms: 0.402584
  ...
# Subtest: applyFuelGradeToQuote exposes diesel validation metadata and corrected price
ok 39 - applyFuelGradeToQuote exposes diesel validation metadata and corrected price
  ---
  duration_ms: 0.193166
  ...
# Subtest: E85 never borrows a regular quote or its validation
ok 40 - E85 never borrows a regular quote or its validation
  ---
  duration_ms: 0.108833
  ...
# Subtest: equal E85 or diesel prices are not gasoline-grade duplicates
ok 41 - equal E85 or diesel prices are not gasoline-grade duplicates
  ---
  duration_ms: 0.604958
  ...
# (node:2043) [MODULE_TYPELESS_PACKAGE_JSON] Warning: Module type of file:///Users/anthonyh/Desktop/Fuel%20Up/src/lib/stationPreferences.js is not specified and it doesn't parse as CommonJS.
# Reparsing as ES module because module syntax was detected. This incurs a performance overhead.
# To eliminate this warning, add "type": "module" to /Users/anthonyh/Desktop/Fuel Up/package.json.
# (Use `node --trace-warnings ...` to show where the warning was created)
# Subtest: unselected clubs are excluded, Walmart+ grants Sam’s access, public lookalikes stay available
ok 42 - unselected clubs are excluded, Walmart+ grants Sam’s access, public lookalikes stay available
  ---
  duration_ms: 2.210625
  ...
# Subtest: Home applies membership, radius and fresh raw quote gates before ranking
ok 43 - Home applies membership, radius and fresh raw quote gates before ranking
  ---
  duration_ms: 1.023959
  ...
# Subtest: 20-cent boundary honors preference only within advantage, with raw lower price winning exact ties
ok 44 - 20-cent boundary honors preference only within advantage, with raw lower price winning exact ties
  ---
  duration_ms: 0.10375
  ...
# Subtest: all fifty states and DC normalize; unrelated regions never fall back to another state
ok 45 - all fifty states and DC normalize; unrelated regions never fall back to another state
  ---
  duration_ms: 0.306541
  ...
# Subtest: membership edits persist, normalize, and partition user-facing search keys
ok 46 - membership edits persist, normalize, and partition user-facing search keys
  ---
  duration_ms: 1.186917
  ...
# (node:2044) ExperimentalWarning: CommonJS module /Users/anthonyh/Desktop/Fuel Up/src/screens/cluster-lab/useClusterLabStations.js is loading ES Module /Users/anthonyh/Desktop/Fuel Up/src/lib/onboardingHandoff.js using require().
# Support for loading ES Module in require() is an experimental feature and might change at any time
# (Use `node --trace-warnings ...` to show where the warning was created)
# (node:2044) [MODULE_TYPELESS_PACKAGE_JSON] Warning: Module type of file:///Users/anthonyh/Desktop/Fuel%20Up/src/lib/fuelMemberships.js is not specified and it doesn't parse as CommonJS.
# Reparsing as ES module because module syntax was detected. This incurs a performance overhead.
# To eliminate this warning, add "type": "module" to /Users/anthonyh/Desktop/Fuel Up/package.json.
# Subtest: Home shares its fallback GPS origin so Trends searches the same radius center
ok 47 - Home shares its fallback GPS origin so Trends searches the same radius center
  ---
  duration_ms: 151.674
  ...
# (node:2044) ExperimentalWarning: The MockTimers API is an experimental feature and might change at any time
# Subtest: Home publishes local data then refreshes DB on focus and foreground; cleanup prevents old query results
ok 48 - Home publishes local data then refreshes DB on focus and foreground; cleanup prevents old query results
  ---
  duration_ms: 18.068292
  ...
# Subtest: Home removes a quote immediately after its 24-hour expiry without a network request
ok 49 - Home removes a quote immediately after its 24-hour expiry without a network request
  ---
  duration_ms: 11.287458
  ...
# Subtest: live Home location updates the shared search context and launch cache using current preferences
ok 50 - live Home location updates the shared search context and launch cache using current preferences
  ---
  duration_ms: 5.137917
  ...
# Subtest: live GPS does not override an explicit manual location or run on an unfocused Home
ok 51 - live GPS does not override an explicit manual location or run on an unfocused Home
  ---
  duration_ms: 7.661458
  ...
# Subtest: cached station distances are recalculated from the current search center before filtering
ok 52 - cached station distances are recalculated from the current search center before filtering
  ---
  duration_ms: 10.558542
  ...
# Subtest: Home publishes map origin before an unresolved price-cache read
ok 53 - Home publishes map origin before an unresolved price-cache read
  ---
  duration_ms: 7.868708
  ...
# Subtest: onboarding Home waits for durable cache (cached fresh: true)
ok 54 - onboarding Home waits for durable cache (cached fresh: true)
  ---
  duration_ms: 10.101667
  ...
# Subtest: onboarding Home waits for durable cache (cached fresh: false)
ok 55 - onboarding Home waits for durable cache (cached fresh: false)
  ---
  duration_ms: 10.749333
  ...
# Subtest: Also show E85 reads both cached grades without restricting the selected-fuel search
ok 56 - Also show E85 reads both cached grades without restricting the selected-fuel search
  ---
  duration_ms: 8.400792
  ...
# (node:2045) [MODULE_TYPELESS_PACKAGE_JSON] Warning: Module type of file:///Users/anthonyh/Desktop/Fuel%20Up/src/lib/homeDeviceLocation.js is not specified and it doesn't parse as CommonJS.
# Reparsing as ES module because module syntax was detected. This incurs a performance overhead.
# To eliminate this warning, add "type": "module" to /Users/anthonyh/Desktop/Fuel Up/package.json.
# (Use `node --trace-warnings ...` to show where the warning was created)
# Subtest: replaces an existing saved origin and follows foreground movement, ignoring GPS drift
ok 57 - replaces an existing saved origin and follows foreground movement, ignoring GPS drift
  ---
  duration_ms: 3.746584
  ...
# Subtest: background stops watching, foreground obtains a fresh fix and restarts movement updates
ok 58 - background stops watching, foreground obtains a fresh fix and restarts movement updates
  ---
  duration_ms: 2.101916
  ...
# Subtest: late one-shot and stale or invalid fixes cannot roll back a newer watched location
ok 59 - late one-shot and stale or invalid fixes cannot roll back a newer watched location
  ---
  duration_ms: 1.30225
  ...
# Subtest: unmount removes a subscription whose async setup completed after cleanup
ok 60 - unmount removes a subscription whose async setup completed after cleanup
  ---
  duration_ms: 1.337167
  ...
# Subtest: denied permission makes no location requests
ok 61 - denied permission makes no location requests
  ---
  duration_ms: 1.147583
  ...
# (node:2046) [MODULE_TYPELESS_PACKAGE_JSON] Warning: Module type of file:///Users/anthonyh/Desktop/Fuel%20Up/src/screens/cluster-lab/homeFuelStations.js is not specified and it doesn't parse as CommonJS.
# Reparsing as ES module because module syntax was detected. This incurs a performance overhead.
# To eliminate this warning, add "type": "module" to /Users/anthonyh/Desktop/Fuel Up/package.json.
# (Use `node --trace-warnings ...` to show where the warning was created)
# Subtest: additional E85 shows the union, deduplicates stations and does not rank ethanol against gasoline
ok 62 - additional E85 shows the union, deduplicates stations and does not rank ethanol against gasoline
  ---
  duration_ms: 3.776375
  ...
# Subtest: each price expires independently while E85 availability stays visible
ok 63 - each price expires independently while E85 availability stays visible
  ---
  duration_ms: 6.569125
  ...
# Subtest: turning E85 off restores the selected grade and its ordinary chips
ok 64 - turning E85 off restores the selected grade and its ordinary chips
  ---
  duration_ms: 0.321583
  ...
# Subtest: E85-only selection keeps its reported price and availability without a gasoline row
ok 65 - E85-only selection keeps its reported price and availability without a gasoline row
  ---
  duration_ms: 0.103291
  ...
# Subtest: a cheaper E85-only quote cannot become the premium comparison baseline
ok 66 - a cheaper E85-only quote cannot become the premium comparison baseline
  ---
  duration_ms: 0.493625
  ...
# (node:2047) [MODULE_TYPELESS_PACKAGE_JSON] Warning: Module type of file:///Users/anthonyh/Desktop/Fuel%20Up/src/lib/homeLaunch.js is not specified and it doesn't parse as CommonJS.
# Reparsing as ES module because module syntax was detected. This incurs a performance overhead.
# To eliminate this warning, add "type": "module" to /Users/anthonyh/Desktop/Fuel Up/package.json.
# (Use `node --trace-warnings ...` to show where the warning was created)
# Subtest: first uncached launch defers the home reveal until visual bootstrap finishes
ok 67 - first uncached launch defers the home reveal until visual bootstrap finishes
  ---
  duration_ms: 1.095875
  ...
# Subtest: cached or manual launches keep the fast home reveal path
ok 68 - cached or manual launches keep the fast home reveal path
  ---
  duration_ms: 0.167542
  ...
# Subtest: home reveal only starts after the launch visual state is ready
ok 69 - home reveal only starts after the launch visual state is ready
  ---
  duration_ms: 0.1365
  ...
# Subtest: first uncached launch can reveal during the initial animated fit instead of after a pop
ok 70 - first uncached launch can reveal during the initial animated fit instead of after a pop
  ---
  duration_ms: 0.253667
  ...
# (node:2048) [MODULE_TYPELESS_PACKAGE_JSON] Warning: Module type of file:///Users/anthonyh/Desktop/Fuel%20Up/src/lib/homeState.js is not specified and it doesn't parse as CommonJS.
# Reparsing as ES module because module syntax was detected. This incurs a performance overhead.
# To eliminate this warning, add "type": "module" to /Users/anthonyh/Desktop/Fuel Up/package.json.
# (Use `node --trace-warnings ...` to show where the warning was created)
# Subtest: filterStationQuotesForHome enforces radius filtering and dedupes overlapping station rows
ok 71 - filterStationQuotesForHome enforces radius filtering and dedupes overlapping station rows
  ---
  duration_ms: 1.101792
  ...
# Subtest: rankQuotesForFuelGrade reorders filtered home rows immediately when fuel grade changes
ok 72 - rankQuotesForFuelGrade reorders filtered home rows immediately when fuel grade changes
  ---
  duration_ms: 0.632834
  ...
# Subtest: buildVisibleSuppressedStationIds keeps overlap suppression authoritative for non-cluster pills
ok 73 - buildVisibleSuppressedStationIds keeps overlap suppression authoritative for non-cluster pills
  ---
  duration_ms: 0.371708
  ...
# Subtest: shouldShowActiveStationDecoration only decorates non-best visible active stations
ok 74 - shouldShowActiveStationDecoration only decorates non-best visible active stations
  ---
  duration_ms: 0.0775
  ...
# Subtest: canRevealActiveStation stays locked while the map is moving and only releases after the current suppression pass clears the active station
ok 75 - canRevealActiveStation stays locked while the map is moving and only releases after the current suppression pass clears the active station
  ---
  duration_ms: 0.324333
  ...
# Subtest: shouldDelayStationMarkerSuppression only keeps the launch delay for the stations captured in the initial suppression snapshot
ok 76 - shouldDelayStationMarkerSuppression only keeps the launch delay for the stations captured in the initial suppression snapshot
  ---
  duration_ms: 0.132042
  ...
# Subtest: resolveCommittedHomeActiveIndex ignores preview changes and only commits settled or explicit selection changes
ok 77 - resolveCommittedHomeActiveIndex ignores preview changes and only commits settled or explicit selection changes
  ---
  duration_ms: 0.280167
  ...
# Subtest: resolveHomeCardIndexFromOffset clamps the settled card index to the available station range
ok 78 - resolveHomeCardIndexFromOffset clamps the settled card index to the available station range
  ---
  duration_ms: 0.138042
  ...
# Subtest: shouldInitializeInitialSuppressionDelay only allows the launch grace period once the initial layout has settled
ok 79 - shouldInitializeInitialSuppressionDelay only allows the launch grace period once the initial layout has settled
  ---
  duration_ms: 0.5015
  ...
# Subtest: buildPersistentSuppressedStationIds mirrors the current overlap set so zoom-in reveals previously hidden chips
ok 80 - buildPersistentSuppressedStationIds mirrors the current overlap set so zoom-in reveals previously hidden chips
  ---
  duration_ms: 0.773
  ...
# Subtest: buildPausedSuppressedStationIds seeds from raw set on first start
ok 81 - buildPausedSuppressedStationIds seeds from raw set on first start
  ---
  duration_ms: 0.321375
  ...
# Subtest: buildPausedSuppressedStationIds returns empty when both current and raw are empty
ok 82 - buildPausedSuppressedStationIds returns empty when both current and raw are empty
  ---
  duration_ms: 0.095583
  ...
# Subtest: buildPausedSuppressedStationIds prunes stations no longer in the visible set
ok 83 - buildPausedSuppressedStationIds prunes stations no longer in the visible set
  ---
  duration_ms: 0.079417
  ...
# Subtest: buildPausedSuppressedStationIds reveals the active station during pause when it has no raw overlap
ok 84 - buildPausedSuppressedStationIds reveals the active station during pause when it has no raw overlap
  ---
  duration_ms: 0.07925
  ...
# Subtest: buildPausedSuppressedStationIds keeps the active station suppressed when it has raw overlap
ok 85 - buildPausedSuppressedStationIds keeps the active station suppressed when it has raw overlap
  ---
  duration_ms: 0.146
  ...
# Subtest: buildPausedSuppressedStationIds does not delete anything when active station is null
ok 86 - buildPausedSuppressedStationIds does not delete anything when active station is null
  ---
  duration_ms: 0.22975
  ...
# Subtest: home auto-fit skips passive focus restoration when there is no pending refit request
ok 87 - home auto-fit skips passive focus restoration when there is no pending refit request
  ---
  duration_ms: 0.178167
  ...
# Subtest: home auto-fit returns a forced animated intent for off-screen filter changes even without new data
ok 88 - home auto-fit returns a forced animated intent for off-screen filter changes even without new data
  ---
  duration_ms: 0.22225
  ...
# Subtest: home auto-fit keeps initial-load behavior on fresh data only
ok 89 - home auto-fit keeps initial-load behavior on fresh data only
  ---
  duration_ms: 0.10825
  ...
# Subtest: home fuel snapshot strategy only controls cached bootstrap eligibility
ok 90 - home fuel snapshot strategy only controls cached bootstrap eligibility
  ---
  duration_ms: 0.180666
  ...
# Subtest: buildHomeQuerySignature changes when the selected fuel grade or radius changes
ok 91 - buildHomeQuerySignature changes when the selected fuel grade or radius changes
  ---
  duration_ms: 0.556292
  ...
# Subtest: buildHomeFilterSignature changes for rating and normalizes legacy providers
ok 92 - buildHomeFilterSignature changes for rating and normalizes legacy providers
  ---
  duration_ms: 0.226625
  ...
# Subtest: hasHomeFilterSignatureChanged only flags a real off-screen filter change once a baseline exists
ok 93 - hasHomeFilterSignatureChanged only flags a real off-screen filter change once a baseline exists
  ---
  duration_ms: 0.137334
  ...
# Subtest: iPhone 17 Pro viewport constants load from FuelSummaryCard + legacy Home fallback
ok 94 - iPhone 17 Pro viewport constants load from FuelSummaryCard + legacy Home fallback
  ---
  duration_ms: 3.763459
  ...
# Subtest: FuelSummaryCard hero price stays single-line for realistic prices
ok 95 - FuelSummaryCard hero price stays single-line for realistic prices
  ---
  duration_ms: 0.980667
  ...
# Subtest: FuelSummaryCard cardPrice Text blocks carry shrink-to-fit props
ok 96 - FuelSummaryCard cardPrice Text blocks carry shrink-to-fit props
  ---
  duration_ms: 0.329917
  ...
# Subtest: FuelSummaryCard gradeLabelText Text blocks carry shrink-to-fit props
ok 97 - FuelSummaryCard gradeLabelText Text blocks carry shrink-to-fit props
  ---
  duration_ms: 0.21025
  ...
# Subtest: FuelSummaryCard gradeOctaneText Text blocks carry shrink-to-fit props
ok 98 - FuelSummaryCard gradeOctaneText Text blocks carry shrink-to-fit props
  ---
  duration_ms: 0.223125
  ...
# Subtest: FuelSummaryCard ratingText carries shrink-to-fit props
ok 99 - FuelSummaryCard ratingText carries shrink-to-fit props
  ---
  duration_ms: 0.1115
  ...
# Subtest: FuelSummaryCard cardMeta (footer row) Text blocks carry shrink-to-fit props
ok 100 - FuelSummaryCard cardMeta (footer row) Text blocks carry shrink-to-fit props
  ---
  duration_ms: 0.153292
  ...
# Subtest: NativeSettingsForm uses @expo/ui SwiftUI primitives, not RN Text rows
ok 101 - NativeSettingsForm uses @expo/ui SwiftUI primitives, not RN Text rows
  ---
  duration_ms: 0.554333
  ...
# Subtest: NativeSettingsForm exposes the navigation-app picker
ok 102 - NativeSettingsForm exposes the navigation-app picker
  ---
  duration_ms: 0.332208
  ...
# Subtest: Home reload button Text carries shrink-to-fit props
ok 103 - Home reload button Text carries shrink-to-fit props
  ---
  duration_ms: 0.660042
  ...
# (node:2050) [MODULE_TYPELESS_PACKAGE_JSON] Warning: Module type of file:///Users/anthonyh/Desktop/Fuel%20Up/src/lib/locationRefresh.js is not specified and it doesn't parse as CommonJS.
# Reparsing as ES module because module syntax was detected. This incurs a performance overhead.
# To eliminate this warning, add "type": "module" to /Users/anthonyh/Desktop/Fuel Up/package.json.
# (Use `node --trace-warnings ...` to show where the warning was created)
# Subtest: 10 city waypoints are all at least 10 km / ~6mi apart from each other
ok 104 - 10 city waypoints are all at least 10 km / ~6mi apart from each other
  ---
  duration_ms: 1.575042
  ...
# Subtest: Every city waypoint triggers a refresh from every other city waypoint
ok 105 - Every city waypoint triggers a refresh from every other city waypoint
  ---
  duration_ms: 0.553375
  ...
# Subtest: GPS drift around San Jose Downtown never triggers a refresh
ok 106 - GPS drift around San Jose Downtown never triggers a refresh
  ---
  duration_ms: 0.079834
  ...
# Subtest: Cold launch with fresh cache (< 2min old) skips the movement check
ok 107 - Cold launch with fresh cache (< 2min old) skips the movement check
  ---
  duration_ms: 0.077583
  ...
# Subtest: Cold launch with stale cache (> 2min old) triggers the movement check
ok 108 - Cold launch with stale cache (> 2min old) triggers the movement check
  ---
  duration_ms: 0.055958
  ...
# Subtest: Reopening the app after traveling to a new city resolves to the new city
ok 109 - Reopening the app after traveling to a new city resolves to the new city
  ---
  duration_ms: 0.061
  ...
# Subtest: Reopening the app in the same neighborhood keeps the cached region
ok 110 - Reopening the app in the same neighborhood keeps the cached region
  ---
  duration_ms: 0.055583
  ...
# Subtest: Rapid background/foreground flips debounce as long as they come within 30s
ok 111 - Rapid background/foreground flips debounce as long as they come within 30s
  ---
  duration_ms: 0.075166
  ...
# Subtest: Simulated road trip through 10 waypoints decides correctly at each step
ok 112 - Simulated road trip through 10 waypoints decides correctly at each step
  ---
  duration_ms: 0.274708
  ...
# Subtest: Zigzag drift around the same waypoint only triggers the first refresh
ok 113 - Zigzag drift around the same waypoint only triggers the first refresh
  ---
  duration_ms: 0.298083
  ...
# (node:2051) [MODULE_TYPELESS_PACKAGE_JSON] Warning: Module type of file:///Users/anthonyh/Desktop/Fuel%20Up/src/lib/locationRefresh.js is not specified and it doesn't parse as CommonJS.
# Reparsing as ES module because module syntax was detected. This incurs a performance overhead.
# To eliminate this warning, add "type": "module" to /Users/anthonyh/Desktop/Fuel Up/package.json.
# (Use `node --trace-warnings ...` to show where the warning was created)
# Subtest: calculateDistanceMeters returns infinity when any coordinate is missing or invalid
ok 114 - calculateDistanceMeters returns infinity when any coordinate is missing or invalid
  ---
  duration_ms: 2.591292
  ...
# Subtest: calculateDistanceMeters agrees with well-known distances between city points
ok 115 - calculateDistanceMeters agrees with well-known distances between city points
  ---
  duration_ms: 0.334
  ...
# Subtest: hasMovedBeyondThreshold treats identical regions as not moved
ok 116 - hasMovedBeyondThreshold treats identical regions as not moved
  ---
  duration_ms: 0.192125
  ...
# Subtest: hasMovedBeyondThreshold ignores sub-threshold GPS drift
ok 117 - hasMovedBeyondThreshold ignores sub-threshold GPS drift
  ---
  duration_ms: 0.388125
  ...
# Subtest: hasMovedBeyondThreshold flags real movement between city neighborhoods
ok 118 - hasMovedBeyondThreshold flags real movement between city neighborhoods
  ---
  duration_ms: 0.246042
  ...
# Subtest: hasMovedBeyondThreshold flags long-distance moves between cities
ok 119 - hasMovedBeyondThreshold flags long-distance moves between cities
  ---
  duration_ms: 0.129834
  ...
# Subtest: hasMovedBeyondThreshold treats missing regions as moved so callers refetch safely
ok 120 - hasMovedBeyondThreshold treats missing regions as moved so callers refetch safely
  ---
  duration_ms: 0.461125
  ...
# Subtest: hasMovedBeyondThreshold honors a custom threshold
ok 121 - hasMovedBeyondThreshold honors a custom threshold
  ---
  duration_ms: 0.390292
  ...
# Subtest: isCachedLocationStale treats missing or invalid timestamps as stale
ok 122 - isCachedLocationStale treats missing or invalid timestamps as stale
  ---
  duration_ms: 0.385208
  ...
# Subtest: isCachedLocationStale returns false within the launch staleness window
ok 123 - isCachedLocationStale returns false within the launch staleness window
  ---
  duration_ms: 0.710708
  ...
# Subtest: isCachedLocationStale returns true at or beyond the launch staleness window
ok 124 - isCachedLocationStale returns true at or beyond the launch staleness window
  ---
  duration_ms: 0.159667
  ...
# Subtest: shouldCheckOnForegroundResume debounces rapid tab switches
ok 125 - shouldCheckOnForegroundResume debounces rapid tab switches
  ---
  duration_ms: 0.076917
  ...
# Subtest: shouldCheckOnForegroundResume returns true after the debounce window closes
ok 126 - shouldCheckOnForegroundResume returns true after the debounce window closes
  ---
  duration_ms: 0.064958
  ...
# Subtest: shouldCheckOnLaunch mirrors isCachedLocationStale
ok 127 - shouldCheckOnLaunch mirrors isCachedLocationStale
  ---
  duration_ms: 0.252833
  ...
# Subtest: buildRegionFromLocation normalizes expo-location coordinates into region shape
ok 128 - buildRegionFromLocation normalizes expo-location coordinates into region shape
  ---
  duration_ms: 1.164334
  ...
# Subtest: buildRegionFromLocation returns null for malformed location objects
ok 129 - buildRegionFromLocation returns null for malformed location objects
  ---
  duration_ms: 0.059709
  ...
# Subtest: buildRegionFromLocation honors custom latitudeDelta / longitudeDelta
ok 130 - buildRegionFromLocation honors custom latitudeDelta / longitudeDelta
  ---
  duration_ms: 0.050417
  ...
# (node:2054) ExperimentalWarning: CommonJS module /Users/anthonyh/Desktop/Fuel Up/tests/predictiveFuelingDemo.test.cjs is loading ES Module /Users/anthonyh/Desktop/Fuel Up/src/screens/onboarding/predictive/constants.js using require().
# Support for loading ES Module in require() is an experimental feature and might change at any time
# (Use `node --trace-warnings ...` to show where the warning was created)
# Subtest: buildPredictiveRouteMetrics composes the expensive leg and reroute leg
ok 131 - buildPredictiveRouteMetrics composes the expensive leg and reroute leg
  ---
  duration_ms: 29.43075
  ...
# Subtest: densifyCoordinates adds interpolation points for smoother motion
ok 132 - densifyCoordinates adds interpolation points for smoother motion
  ---
  duration_ms: 0.13125
  ...
# Subtest: demo snapshot starts at route origin and ends at cheaper destination
ok 133 - demo snapshot starts at route origin and ends at cheaper destination
  ---
  duration_ms: 16.503083
  ...
# Subtest: scene phase moves from driving to expensive warning to cheaper reroute
ok 134 - scene phase moves from driving to expensive warning to cheaper reroute
  ---
  duration_ms: 16.092917
  ...
# Subtest: distance timing remains non-linear around turn windows
ok 135 - distance timing remains non-linear around turn windows
  ---
  duration_ms: 5.767042
  ...
# Subtest: route diagnostics report reroute metadata for fallback routes
ok 136 - route diagnostics report reroute metadata for fallback routes
  ---
  duration_ms: 6.031791
  ...
# Subtest: camera target remains continuous through turn windows and arrival handoff
ok 137 - camera target remains continuous through turn windows and arrival handoff
  ---
  duration_ms: 212.775375
  ...
# Subtest: close turns are grouped into one camera event
ok 138 - close turns are grouped into one camera event
  ---
  duration_ms: 6.609084
  ...
# Subtest: expensive chip reveals 800ms before the cheaper chip during the reroute overview
ok 139 - expensive chip reveals 800ms before the cheaper chip during the reroute overview
  ---
  duration_ms: 12.461208
  ...
# Subtest: visible route switches from expensive leg to cheaper reroute leg
ok 140 - visible route switches from expensive leg to cheaper reroute leg
  ---
  duration_ms: 12.466584
  ...
# Subtest: rejects a stale low replay and replaces it with the predicted price
ok 141 - rejects a stale low replay and replaces it with the predicted price
  ---
  duration_ms: 11.888458
  ...
# Subtest: accepts an API price that stays close to the station-market prediction
ok 142 - accepts an API price that stays close to the station-market prediction
  ---
  duration_ms: 0.690833
  ...
# Subtest: accepts the API price on a cold start instead of forcing a replacement
ok 143 - accepts the API price on a cold start instead of forcing a replacement
  ---
  duration_ms: 0.0805
  ...
# Subtest: trusts a newly updated source timestamp that changed from the last station price
ok 144 - trusts a newly updated source timestamp that changed from the last station price
  ---
  duration_ms: 0.231083
  ...
# Subtest: keeps expensive stations above the local market when a stale source is corrected upward
ok 145 - keeps expensive stations above the local market when a stale source is corrected upward
  ---
  duration_ms: 1.376375
  ...
# Subtest: 24-hour eligibility uses the price posting time and rejects missing, future, or non-positive data
ok 146 - 24-hour eligibility uses the price posting time and rejects missing, future, or non-positive data
  ---
  duration_ms: 2.366833
  ...
# Subtest: grade/payment ages are independent and filtering does not overwrite the archive object
ok 147 - grade/payment ages are independent and filtering does not overwrite the archive object
  ---
  duration_ms: 0.170166
  ...
# Subtest: local snapshots cannot revive old corrections or keep an expired cheapest price
ok 148 - local snapshots cannot revive old corrections or keep an expired cheapest price
  ---
  duration_ms: 0.4635
  ...
# Subtest: E85 expiry removes every price fallback but preserves a navigable availability record
ok 149 - E85 expiry removes every price fallback but preserves a navigable availability record
  ---
  duration_ms: 0.09725
  ...
# (node:2058) [MODULE_TYPELESS_PACKAGE_JSON] Warning: Module type of file:///Users/anthonyh/Desktop/Fuel%20Up/src/lib/fuelSearchState.js is not specified and it doesn't parse as CommonJS.
# Reparsing as ES module because module syntax was detected. This incurs a performance overhead.
# To eliminate this warning, add "type": "module" to /Users/anthonyh/Desktop/Fuel Up/package.json.
# (Use `node --trace-warnings ...` to show where the warning was created)
# Subtest: MIN_SEARCH_RADIUS_MILES and MAX_SEARCH_RADIUS_MILES pin the validated range
ok 150 - MIN_SEARCH_RADIUS_MILES and MAX_SEARCH_RADIUS_MILES pin the validated range
  ---
  duration_ms: 1.267625
  ...
# Subtest: normalizeSearchRadiusMiles clamps small positive values to MIN
ok 151 - normalizeSearchRadiusMiles clamps small positive values to MIN
  ---
  duration_ms: 0.154542
  ...
# Subtest: normalizeSearchRadiusMiles resolves non-positive values to DEFAULT (then clamped)
ok 152 - normalizeSearchRadiusMiles resolves non-positive values to DEFAULT (then clamped)
  ---
  duration_ms: 0.142042
  ...
# Subtest: normalizeSearchRadiusMiles clamps values above MAX to MAX
ok 153 - normalizeSearchRadiusMiles clamps values above MAX to MAX
  ---
  duration_ms: 0.147542
  ...
# Subtest: normalizeSearchRadiusMiles preserves valid in-range values
ok 154 - normalizeSearchRadiusMiles preserves valid in-range values
  ---
  duration_ms: 0.226458
  ...
# Subtest: normalizeSearchRadiusMiles rounds fractional values before clamping
ok 155 - normalizeSearchRadiusMiles rounds fractional values before clamping
  ---
  duration_ms: 0.114167
  ...
# Subtest: normalizeSearchRadiusMiles coerces non-numeric input to the default
ok 156 - normalizeSearchRadiusMiles coerces non-numeric input to the default
  ---
  duration_ms: 0.116084
  ...
# Subtest: normalizeFuelSearchPreferences snaps legacy stored radii into the new range
ok 157 - normalizeFuelSearchPreferences snaps legacy stored radii into the new range
  ---
  duration_ms: 0.559333
  ...
# Subtest: buildFuelSearchCriteriaSignature collapses legacy radii to the clamped value
ok 158 - buildFuelSearchCriteriaSignature collapses legacy radii to the clamped value
  ---
  duration_ms: 0.281125
  ...
# Subtest: NativeSettingsForm wires the slider to MIN/MAX search radius constants
ok 159 - NativeSettingsForm wires the slider to MIN/MAX search radius constants
  ---
  duration_ms: 0.557
  ...
# (node:2059) [MODULE_TYPELESS_PACKAGE_JSON] Warning: Module type of file:///Users/anthonyh/Desktop/Fuel%20Up/src/cluster/stationMarkerPresentation.js is not specified and it doesn't parse as CommonJS.
# Reparsing as ES module because module syntax was detected. This incurs a performance overhead.
# To eliminate this warning, add "type": "module" to /Users/anthonyh/Desktop/Fuel Up/package.json.
# (Use `node --trace-warnings ...` to show where the warning was created)
# Subtest: station marker view tracking signature ignores suppression-only changes
ok 160 - station marker view tracking signature ignores suppression-only changes
  ---
  duration_ms: 0.456709
  ...
# Subtest: station marker view tracking signature changes for rendered content and theme updates
ok 161 - station marker view tracking signature changes for rendered content and theme updates
  ---
  duration_ms: 0.0885
  ...
# Subtest: same-day trend history falls back to hourly chart buckets
ok 162 - same-day trend history falls back to hourly chart buckets
  ---
  duration_ms: 2.307958
  ...
# Subtest: trend history never fills missing observations with a current average
ok 163 - trend history never fills missing observations with a current average
  ---
  duration_ms: 0.097667
  ...
# Subtest: trend projection upgrades the latest displayed station row to the current validated quote
ok 164 - trend projection upgrades the latest displayed station row to the current validated quote
  ---
  duration_ms: 15.59175
  ...
# (node:2060) [MODULE_TYPELESS_PACKAGE_JSON] Warning: Module type of file:///Users/anthonyh/Desktop/Fuel%20Up/src/lib/homeState.js is not specified and it doesn't parse as CommonJS.
# Reparsing as ES module because module syntax was detected. This incurs a performance overhead.
# To eliminate this warning, add "type": "module" to /Users/anthonyh/Desktop/Fuel Up/package.json.
# (Use `node --trace-warnings ...` to show where the warning was created)
# Subtest: trend leaderboard prices stay identical to the Home ranking pipeline for the same location and filters
ok 165 - trend leaderboard prices stay identical to the Home ranking pipeline for the same location and filters
  ---
  duration_ms: 8.982208
  ...
# Subtest: buildLatestFuelStationQuotesFromRows suppresses duplicate gasoline grades while retaining independently priced diesel
ok 166 - buildLatestFuelStationQuotesFromRows suppresses duplicate gasoline grades while retaining independently priced diesel
  ---
  duration_ms: 0.6385
  ...
# Subtest: buildLatestFuelStationQuotesFromRows drops uniform multi-grade rows for non-regular queries
ok 167 - buildLatestFuelStationQuotesFromRows drops uniform multi-grade rows for non-regular queries
  ---
  duration_ms: 0.795333
  ...
# Subtest: buildLatestFuelStationQuotesFromRows suppresses duplicate higher grades and keeps the cheapest matching grade
ok 168 - buildLatestFuelStationQuotesFromRows suppresses duplicate higher grades and keeps the cheapest matching grade
  ---
  duration_ms: 0.508834
  ...
# Subtest: buildLatestFuelStationQuotesFromRows drops duplicate grades when the requested grade is not the cheapest match
ok 169 - buildLatestFuelStationQuotesFromRows drops duplicate grades when the requested grade is not the cheapest match
  ---
  duration_ms: 0.398041
  ...
1..169
# tests 169
# suites 0
# pass 169
# fail 0
# cancelled 0
# skipped 0
# todo 0
# duration_ms 551.781459
