TAP version 13
# Subtest: camera fit maximizes separation while fitting every price and count across phone sizes
ok 1 - camera fit maximizes separation while fitting every price and count across phone sizes
  ---
  duration_ms: 23205.474083
  ...
# Subtest: focus solves separate membership and glass without unnecessary zoom or unbounded coincident zoom
ok 2 - focus solves separate membership and glass without unnecessary zoom or unbounded coincident zoom
  ---
  duration_ms: 3120.015
  ...
# Subtest: native clustering preserves identities, boundary hysteresis, and gesture-timed motion
ok 3 - native clustering preserves identities, boundary hysteresis, and gesture-timed motion
  ---
  duration_ms: 2976.236416
  ...
1..3
# tests 3
# suites 0
# pass 3
# fail 0
# cancelled 0
# skipped 0
# todo 0
# duration_ms 23296.388292
