TAP version 13
# Subtest: read-back audit verifies real bytes, exact IDs, region, window, and unpriced coverage
ok 1 - read-back audit verifies real bytes, exact IDs, region, window, and unpriced coverage
  ---
  duration_ms: 1.366292
  ...
# Subtest: validly hashed stale or wrong-region snapshots still fail the audit
ok 2 - validly hashed stale or wrong-region snapshots still fail the audit
  ---
  duration_ms: 0.549625
  ...
# Subtest: known provider connection failures retry with a floor and respect longer Retry-After
ok 3 - known provider connection failures retry with a floor and respect longer Retry-After
  ---
  duration_ms: 1.192583
  ...
# Subtest: denials anywhere in a large mixed list dominate transient classification
ok 4 - denials anywhere in a large mixed list dominate transient classification
  ---
  duration_ms: 0.272917
  ...
# Subtest: unknown or malformed GraphQL failures retain review requirement
ok 5 - unknown or malformed GraphQL failures retain review requirement
  ---
  duration_ms: 0.068333
  ...
# Subtest: transport rejects partial data, records original evidence, and does not retry internally
ok 6 - transport rejects partial data, records original evidence, and does not retry internally
  ---
  duration_ms: 15.051334
  ...
# Subtest: HTTP 200 rate denial preserves Retry-After
ok 7 - HTTP 200 rate denial preserves Retry-After
  ---
  duration_ms: 0.369834
  ...
# Subtest: diagnostics retain the deciding error beyond the first ten without changing retry policy
ok 8 - diagnostics retain the deciding error beyond the first ten without changing retry policy
  ---
  duration_ms: 8.056
  ...
# Subtest: national planning deduplicates across states and budgets station resolutions, not envelopes
ok 9 - national planning deduplicates across states and budgets station resolutions, not envelopes
  ---
  duration_ms: 1.843958
  ...
# Subtest: national planning rejects missing states, duplicate states, unreconciled counts and unknown scope
ok 10 - national planning rejects missing states, duplicate states, unreconciled counts and unknown scope
  ---
  duration_ms: 0.472792
  ...
# Subtest: Retry-After handles seconds and HTTP dates, with no shortening to an arbitrary maximum
ok 11 - Retry-After handles seconds and HTTP dates, with no shortening to an arbitrary maximum
  ---
  duration_ms: 0.102833
  ...
# Subtest: national transport preserves exact raw quotes, absent prices, and separate observation time
ok 12 - national transport preserves exact raw quotes, absent prices, and separate observation time
  ---
  duration_ms: 17.662208
  ...
# Subtest: national transport rejects partial data, silent alias reorder, HTTP200 GraphQL errors and oversized responses
ok 13 - national transport rejects partial data, silent alias reorder, HTTP200 GraphQL errors and oversized responses
  ---
  duration_ms: 1.274125
  ...
# Subtest: national transport captures 429 Retry-After and sends no retry
ok 14 - national transport captures 429 Retry-After and sends no retry
  ---
  duration_ms: 0.466625
  ...
# Subtest: worker archives first, then commits exact IDs, checksum and unpriced coverage; never overwrites artifacts
ok 15 - worker archives first, then commits exact IDs, checksum and unpriced coverage; never overwrites artifacts
  ---
  duration_ms: 2.645042
  ...
# Subtest: archive failure or stale lease cannot publish a successful batch
ok 16 - archive failure or stale lease cannot publish a successful batch
  ---
  duration_ms: 2.173708
  ...
# Subtest: rate denial stops the worker loop immediately and persists the cooldown
ok 17 - rate denial stops the worker loop immediately and persists the cooldown
  ---
  duration_ms: 0.386625
  ...
# Subtest: disabled or cooled queue causes zero provider calls and zero storage writes
ok 18 - disabled or cooled queue causes zero provider calls and zero storage writes
  ---
  duration_ms: 0.287917
  ...
# Subtest: worker spaces provider calls and finishes its invocation before the next cron tick
ok 19 - worker spaces provider calls and finishes its invocation before the next cron tick
  ---
  duration_ms: 5.917834
  ...
# Subtest: metadata travels with the existing price batch and is published behind the archive fence
ok 20 - metadata travels with the existing price batch and is published behind the archive fence
  ---
  duration_ms: 0.683167
  ...
# Subtest: scheduled metadata query avoids the failing optional brand resolver without dropping raw prices
ok 21 - scheduled metadata query avoids the failing optional brand resolver without dropping raw prices
  ---
  duration_ms: 0.34975
  ...
# Subtest: metadata timeout preserves evidence and collects prices without optional enrichment
ok 22 - metadata timeout preserves evidence and collects prices without optional enrichment
  ---
  duration_ms: 0.677167
  ...
# Subtest: metadata permission denial and unknown errors still prevent provider access
ok 23 - metadata permission denial and unknown errors still prevent provider access
  ---
  duration_ms: 0.202958
  ...
# Subtest: serving timeout cannot roll back or retry an archived provider observation
ok 24 - serving timeout cannot roll back or retry an archived provider observation
  ---
  duration_ms: 1.208834
  ...
# Subtest: failed archive fencing never attempts serving publication
ok 25 - failed archive fencing never attempts serving publication
  ---
  duration_ms: 0.4825
  ...
# Subtest: metadata hanging RPC aborts before the research lease expires
ok 26 - metadata hanging RPC aborts before the research lease expires
  ---
  duration_ms: 7.229667
  ...
# Subtest: serving hanging RPC aborts before the research lease expires
ok 27 - serving hanging RPC aborts before the research lease expires
  ---
  duration_ms: 7.291875
  ...
# Subtest: all 50 states plus DC have exactly one fixed regional owner
ok 28 - all 50 states plus DC have exactly one fixed regional owner
  ---
  duration_ms: 1.705042
  ...
# Subtest: regional batches never mix owners and counts reconcile across the US
ok 29 - regional batches never mix owners and counts reconcile across the US
  ---
  duration_ms: 1.762083
  ...
# Subtest: ambiguous cross-region station identity stops catalog publishing
ok 30 - ambiguous cross-region station identity stops catalog publishing
  ---
  duration_ms: 0.3555
  ...
# Subtest: same-region cross-state duplicates deduplicate, without double charging provider work
ok 31 - same-region cross-state duplicates deduplicate, without double charging provider work
  ---
  duration_ms: 0.233708
  ...
# Subtest: every wrong or missing execution region is rejected before collection
ok 32 - every wrong or missing execution region is rejected before collection
  ---
  duration_ms: 13.012542
  ...
# Subtest: unauthorized regional invocation never touches database or provider
ok 33 - unauthorized regional invocation never touches database or provider
  ---
  duration_ms: 0.198708
  ...
# Subtest: health verifies runtime geography without claiming jobs; collect passes only the verified runtime region
ok 34 - health verifies runtime geography without claiming jobs; collect passes only the verified runtime region
  ---
  duration_ms: 1.675791
  ...
# Subtest: worker rejects a wrong-region job before making any provider request
ok 35 - worker rejects a wrong-region job before making any provider request
  ---
  duration_ms: 0.269709
  ...
# Subtest: generic worker cannot run without a known execution region
ok 36 - generic worker cannot run without a known execution region
  ---
  duration_ms: 0.287667
  ...
1..36
# tests 36
# suites 0
# pass 36
# fail 0
# cancelled 0
# skipped 0
# todo 0
# duration_ms 122.97575
