TAP version 13
# Subtest: read-back audit verifies real bytes, exact IDs, region, window, and unpriced coverage
ok 1 - read-back audit verifies real bytes, exact IDs, region, window, and unpriced coverage
  ---
  duration_ms: 2.392625
  ...
# Subtest: validly hashed stale or wrong-region snapshots still fail the audit
ok 2 - validly hashed stale or wrong-region snapshots still fail the audit
  ---
  duration_ms: 0.937583
  ...
# Subtest: known provider connection failures retry with a floor and respect longer Retry-After
ok 3 - known provider connection failures retry with a floor and respect longer Retry-After
  ---
  duration_ms: 1.555625
  ...
# Subtest: denials anywhere in a large mixed list dominate transient classification
ok 4 - denials anywhere in a large mixed list dominate transient classification
  ---
  duration_ms: 0.393208
  ...
# Subtest: unknown or malformed GraphQL failures retain review requirement
ok 5 - unknown or malformed GraphQL failures retain review requirement
  ---
  duration_ms: 0.088084
  ...
# Subtest: transport rejects partial data, records original evidence, and does not retry internally
ok 6 - transport rejects partial data, records original evidence, and does not retry internally
  ---
  duration_ms: 22.080708
  ...
# Subtest: HTTP 200 rate denial preserves Retry-After
ok 7 - HTTP 200 rate denial preserves Retry-After
  ---
  duration_ms: 0.490417
  ...
# Subtest: diagnostics retain the deciding error beyond the first ten without changing retry policy
ok 8 - diagnostics retain the deciding error beyond the first ten without changing retry policy
  ---
  duration_ms: 11.101042
  ...
# Subtest: national planning deduplicates across states and budgets station resolutions, not envelopes
ok 9 - national planning deduplicates across states and budgets station resolutions, not envelopes
  ---
  duration_ms: 1.046292
  ...
# Subtest: national planning rejects missing states, duplicate states, unreconciled counts and unknown scope
ok 10 - national planning rejects missing states, duplicate states, unreconciled counts and unknown scope
  ---
  duration_ms: 2.712167
  ...
# Subtest: Retry-After handles seconds and HTTP dates, with no shortening to an arbitrary maximum
ok 11 - Retry-After handles seconds and HTTP dates, with no shortening to an arbitrary maximum
  ---
  duration_ms: 0.38
  ...
# Subtest: national transport preserves exact raw quotes, absent prices, and separate observation time
ok 12 - national transport preserves exact raw quotes, absent prices, and separate observation time
  ---
  duration_ms: 30.71125
  ...
# Subtest: national transport rejects partial data, silent alias reorder, HTTP200 GraphQL errors and oversized responses
ok 13 - national transport rejects partial data, silent alias reorder, HTTP200 GraphQL errors and oversized responses
  ---
  duration_ms: 3.104625
  ...
# Subtest: national transport captures 429 Retry-After and sends no retry
ok 14 - national transport captures 429 Retry-After and sends no retry
  ---
  duration_ms: 0.924625
  ...
# Subtest: worker archives first, then commits exact IDs, checksum and unpriced coverage; never overwrites artifacts
ok 15 - worker archives first, then commits exact IDs, checksum and unpriced coverage; never overwrites artifacts
  ---
  duration_ms: 5.118084
  ...
# Subtest: archive failure or stale lease cannot publish a successful batch
ok 16 - archive failure or stale lease cannot publish a successful batch
  ---
  duration_ms: 3.003916
  ...
# Subtest: rate denial stops the worker loop immediately and persists the cooldown
ok 17 - rate denial stops the worker loop immediately and persists the cooldown
  ---
  duration_ms: 0.395
  ...
# Subtest: disabled or cooled queue causes zero provider calls and zero storage writes
ok 18 - disabled or cooled queue causes zero provider calls and zero storage writes
  ---
  duration_ms: 0.323292
  ...
# Subtest: worker spaces provider calls and finishes its invocation before the next cron tick
ok 19 - worker spaces provider calls and finishes its invocation before the next cron tick
  ---
  duration_ms: 8.535416
  ...
# Subtest: metadata travels with the existing price batch and is published behind the archive fence
ok 20 - metadata travels with the existing price batch and is published behind the archive fence
  ---
  duration_ms: 0.907916
  ...
# Subtest: scheduled metadata query avoids the failing optional brand resolver without dropping raw prices
ok 21 - scheduled metadata query avoids the failing optional brand resolver without dropping raw prices
  ---
  duration_ms: 0.646583
  ...
# Subtest: all 50 states plus DC have exactly one fixed regional owner
ok 22 - all 50 states plus DC have exactly one fixed regional owner
  ---
  duration_ms: 1.637959
  ...
# Subtest: regional batches never mix owners and counts reconcile across the US
ok 23 - regional batches never mix owners and counts reconcile across the US
  ---
  duration_ms: 2.667041
  ...
# Subtest: ambiguous cross-region station identity stops catalog publishing
ok 24 - ambiguous cross-region station identity stops catalog publishing
  ---
  duration_ms: 0.511125
  ...
# Subtest: same-region cross-state duplicates deduplicate, without double charging provider work
ok 25 - same-region cross-state duplicates deduplicate, without double charging provider work
  ---
  duration_ms: 0.551708
  ...
# Subtest: every wrong or missing execution region is rejected before collection
ok 26 - every wrong or missing execution region is rejected before collection
  ---
  duration_ms: 23.63175
  ...
# Subtest: unauthorized regional invocation never touches database or provider
ok 27 - unauthorized regional invocation never touches database or provider
  ---
  duration_ms: 0.407875
  ...
# Subtest: health verifies runtime geography without claiming jobs; collect passes only the verified runtime region
ok 28 - health verifies runtime geography without claiming jobs; collect passes only the verified runtime region
  ---
  duration_ms: 2.75825
  ...
# Subtest: worker rejects a wrong-region job before making any provider request
ok 29 - worker rejects a wrong-region job before making any provider request
  ---
  duration_ms: 0.297333
  ...
# Subtest: generic worker cannot run without a known execution region
ok 30 - generic worker cannot run without a known execution region
  ---
  duration_ms: 0.419542
  ...
1..30
# tests 30
# suites 0
# pass 30
# fail 0
# cancelled 0
# skipped 0
# todo 0
# duration_ms 136.500333
