{"loading": "google/timesfm-3.0-pytorch", "revision": "43046b85ec22d584a13f8098c2ed39c889e129c2", "research_only": true}
{"variant": "event_series", "unique_done": 128, "unique_total": 103906, "seconds": 0.7179999999934807}
{"variant": "event_series", "unique_done": 4224, "unique_total": 103906, "seconds": 9.547000000020489}
{"variant": "event_series", "unique_done": 8320, "unique_total": 103906, "seconds": 18.609000000054948}
{"variant": "event_series", "unique_done": 12416, "unique_total": 103906, "seconds": 27.71799999999348}
{"variant": "event_series", "unique_done": 16512, "unique_total": 103906, "seconds": 36.85900000005495}
{"variant": "event_series", "unique_done": 20608, "unique_total": 103906, "seconds": 45.75}
{"variant": "event_series", "unique_done": 24704, "unique_total": 103906, "seconds": 55.04700000002049}
{"variant": "event_series", "unique_done": 28800, "unique_total": 103906, "seconds": 64.21799999999348}
{"variant": "event_series", "unique_done": 32896, "unique_total": 103906, "seconds": 73.25}
{"variant": "event_series", "unique_done": 36992, "unique_total": 103906, "seconds": 81.93700000003446}
{"variant": "event_series", "unique_done": 41088, "unique_total": 103906, "seconds": 90.96799999999348}
{"variant": "event_series", "unique_done": 45184, "unique_total": 103906, "seconds": 100.40600000007544}
{"variant": "event_series", "unique_done": 49280, "unique_total": 103906, "seconds": 109.46799999999348}
{"variant": "event_series", "unique_done": 53376, "unique_total": 103906, "seconds": 118.43700000003446}
{"variant": "event_series", "unique_done": 57472, "unique_total": 103906, "seconds": 127.82799999997951}
{"variant": "event_series", "unique_done": 61568, "unique_total": 103906, "seconds": 136.81200000003446}
{"variant": "event_series", "unique_done": 65664, "unique_total": 103906, "seconds": 146.31200000003446}
{"variant": "event_series", "unique_done": 69760, "unique_total": 103906, "seconds": 155.23400000005495}
{"variant": "event_series", "unique_done": 73856, "unique_total": 103906, "seconds": 164.15600000007544}
{"variant": "event_series", "unique_done": 77952, "unique_total": 103906, "seconds": 173.26500000001397}
{"variant": "event_series", "unique_done": 82048, "unique_total": 103906, "seconds": 182.375}
{"variant": "event_series", "unique_done": 86144, "unique_total": 103906, "seconds": 191.46799999999348}
{"variant": "event_series", "unique_done": 90240, "unique_total": 103906, "seconds": 200.5470000000205}
{"variant": "event_series", "unique_done": 94336, "unique_total": 103906, "seconds": 209.7029999999795}
{"variant": "event_series", "unique_done": 98432, "unique_total": 103906, "seconds": 218.9529999999795}
{"variant": "event_series", "unique_done": 102528, "unique_total": 103906, "seconds": 227.81200000003446}
{"variant": "event_series", "unique_contexts": 103906, "seconds": 231.09299999999348, "metrics": {"n": 145644, "mae_cents": 0.4192604720592499, "rmse_cents": 2.6743509769439697, "worst5_mean_cents": 6.93595552444458, "p95_cents": 1.438126564025879, "within5": 0.979951113674439, "within10": 0.9925365960836011, "under10": 0.004689516904232237, "over10": 0.0027738870121666527, "changed_n": 959, "changed_mae_cents": 16.55086326599121, "unchanged_mae_cents": 0.31233710050582886}, "station_interval": {"station_groups": 14081, "mean_delta_cents": 0.6933406286125346, "interval95_cents": [0.631895584350756, 0.7601805450877679]}}
{"variant": "event_series_with_timing", "unique_done": 128, "unique_total": 145642, "seconds": 0.625}
{"variant": "event_series_with_timing", "unique_done": 4224, "unique_total": 145642, "seconds": 11.062000000034459}
{"variant": "event_series_with_timing", "unique_done": 8320, "unique_total": 145642, "seconds": 21.5}
{"variant": "event_series_with_timing", "unique_done": 12416, "unique_total": 145642, "seconds": 32.03100000007544}
{"variant": "event_series_with_timing", "unique_done": 16512, "unique_total": 145642, "seconds": 42.42200000002049}
{"variant": "event_series_with_timing", "unique_done": 20608, "unique_total": 145642, "seconds": 52.68700000003446}
{"variant": "event_series_with_timing", "unique_done": 24704, "unique_total": 145642, "seconds": 62.96799999999348}
{"variant": "event_series_with_timing", "unique_done": 28800, "unique_total": 145642, "seconds": 73.43700000003446}
{"variant": "event_series_with_timing", "unique_done": 32896, "unique_total": 145642, "seconds": 83.82799999997951}
{"variant": "event_series_with_timing", "unique_done": 36992, "unique_total": 145642, "seconds": 94.18700000003446}
{"variant": "event_series_with_timing", "unique_done": 41088, "unique_total": 145642, "seconds": 104.42200000002049}
{"variant": "event_series_with_timing", "unique_done": 45184, "unique_total": 145642, "seconds": 114.84299999999348}
{"variant": "event_series_with_timing", "unique_done": 49280, "unique_total": 145642, "seconds": 125.06200000003446}
{"variant": "event_series_with_timing", "unique_done": 53376, "unique_total": 145642, "seconds": 135.625}
{"variant": "event_series_with_timing", "unique_done": 57472, "unique_total": 145642, "seconds": 146.0}
{"variant": "event_series_with_timing", "unique_done": 61568, "unique_total": 145642, "seconds": 156.2029999999795}
{"variant": "event_series_with_timing", "unique_done": 65664, "unique_total": 145642, "seconds": 166.35900000005495}
{"variant": "event_series_with_timing", "unique_done": 69760, "unique_total": 145642, "seconds": 176.625}
{"variant": "event_series_with_timing", "unique_done": 73856, "unique_total": 145642, "seconds": 187.09299999999348}
{"variant": "event_series_with_timing", "unique_done": 77952, "unique_total": 145642, "seconds": 197.375}
{"variant": "event_series_with_timing", "unique_done": 82048, "unique_total": 145642, "seconds": 207.75}
{"variant": "event_series_with_timing", "unique_done": 86144, "unique_total": 145642, "seconds": 218.15600000007544}
{"variant": "event_series_with_timing", "unique_done": 90240, "unique_total": 145642, "seconds": 228.43700000003446}
{"variant": "event_series_with_timing", "unique_done": 94336, "unique_total": 145642, "seconds": 239.01500000001397}
{"variant": "event_series_with_timing", "unique_done": 98432, "unique_total": 145642, "seconds": 249.39000000001397}
{"variant": "event_series_with_timing", "unique_done": 102528, "unique_total": 145642, "seconds": 259.8279999999795}
{"variant": "event_series_with_timing", "unique_done": 106624, "unique_total": 145642, "seconds": 270.18700000003446}
{"variant": "event_series_with_timing", "unique_done": 110720, "unique_total": 145642, "seconds": 280.78100000007544}
{"variant": "event_series_with_timing", "unique_done": 114816, "unique_total": 145642, "seconds": 291.26500000001397}
{"variant": "event_series_with_timing", "unique_done": 118912, "unique_total": 145642, "seconds": 301.8279999999795}
{"variant": "event_series_with_timing", "unique_done": 123008, "unique_total": 145642, "seconds": 311.7970000000205}
{"variant": "event_series_with_timing", "unique_done": 127104, "unique_total": 145642, "seconds": 316.625}
{"variant": "event_series_with_timing", "unique_done": 131200, "unique_total": 145642, "seconds": 322.01500000001397}
{"variant": "event_series_with_timing", "unique_done": 135296, "unique_total": 145642, "seconds": 328.625}
{"variant": "event_series_with_timing", "unique_done": 139392, "unique_total": 145642, "seconds": 334.9679999999935}
{"variant": "event_series_with_timing", "unique_done": 143488, "unique_total": 145642, "seconds": 345.375}
{"variant": "event_series_with_timing", "unique_contexts": 145642, "seconds": 351.14000000001397, "metrics": {"n": 145644, "mae_cents": 0.4310125410556793, "rmse_cents": 2.7090213298797607, "worst5_mean_cents": 7.3068461418151855, "p95_cents": 1.6199588775634766, "within5": 0.9778844305292357, "within10": 0.9916234105078136, "under10": 0.004778775644722749, "over10": 0.0035978138474636787, "changed_n": 959, "changed_mae_cents": 16.13323402404785, "unchanged_mae_cents": 0.32693520188331604}, "station_interval": {"station_groups": 14081, "mean_delta_cents": 0.7540467900896421, "interval95_cents": [0.6898037251008311, 0.8197019286312932]}}
{"revision": "43046b85ec22d584a13f8098c2ed39c889e129c2", "parameters": 330710976, "examples": 145644, "raw": {"n": 145644, "mae_cents": 0.21881437636237633, "rmse_cents": 2.3098217470356017, "worst5_mean_cents": 4.375806814626107, "p95_cents": 0.0, "within5": 0.9885268188184889, "within10": 0.9963884540386148, "under10": 0.0015585949301035401, "over10": 0.0020529510312817553, "changed_n": 959, "changed_mae_cents": 20.438998434168205, "unchanged_mae_cents": 0.08479110849469279}, "task": "Predict one next report-indexed observation; past report intervals are irregular. Actual future report time is not provided.", "license": "TimesFM Non-Commercial License v1.0. Isolated research benchmark, no production use or distillation.", "variants": {"event_series": {"unique_contexts": 103906, "seconds": 231.09299999999348, "metrics": {"n": 145644, "mae_cents": 0.4192604720592499, "rmse_cents": 2.6743509769439697, "worst5_mean_cents": 6.93595552444458, "p95_cents": 1.438126564025879, "within5": 0.979951113674439, "within10": 0.9925365960836011, "under10": 0.004689516904232237, "over10": 0.0027738870121666527, "changed_n": 959, "changed_mae_cents": 16.55086326599121, "unchanged_mae_cents": 0.31233710050582886}, "station_interval": {"station_groups": 14081, "mean_delta_cents": 0.6933406286125346, "interval95_cents": [0.631895584350756, 0.7601805450877679]}}, "event_series_with_timing": {"unique_contexts": 145642, "seconds": 351.14000000001397, "metrics": {"n": 145644, "mae_cents": 0.4310125410556793, "rmse_cents": 2.7090213298797607, "worst5_mean_cents": 7.3068461418151855, "p95_cents": 1.6199588775634766, "within5": 0.9778844305292357, "within10": 0.9916234105078136, "under10": 0.004778775644722749, "over10": 0.0035978138474636787, "changed_n": 959, "changed_mae_cents": 16.13323402404785, "unchanged_mae_cents": 0.32693520188331604}, "station_interval": {"station_groups": 14081, "mean_delta_cents": 0.7540467900896421, "interval95_cents": [0.6898037251008311, 0.8197019286312932]}}}}
